// Jest Snapshot v1, https://goo.gl/fbAQLP

exports[`LoginForm component renders correctly 1`] = `
<div
  class="max-w-md p-6 mx-auto rounded-md shadow-lg mt-16"
>
  <div
    class="flex justify-center text-2xl"
  >
    Logg inn
  </div>
  <div
    class="m-6"
    id="emailField"
  >
    <div
      class="mb-6"
    >
      <label
        class="block mb-2 text-sm font-medium text-gray-900 dark:text-gray-300"
        for="email"
      >
        E-post
      </label>
      <input
        class="bg-gray-50 border border-gray-300 text-gray-900 text-sm rounded-lg focus:ring-blue-500 focus:border-blue-500 block w-full p-2.5 dark:bg-gray-700 dark:border-gray-600 dark:placeholder-gray-400 dark:text-white dark:focus:ring-blue-500 dark:focus:border-blue-500"
        id="email"
        placeholder="eksempel@eksempel.no"
        required=""
        type="email"
      />
      <!-- error message -->
      
      
    </div>
  </div>
  <div
    class="m-6"
    id="passwordField"
  >
    <label
      class="block mb-2 text-sm font-medium text-gray-900 dark:text-gray-300"
      for="password"
    >
      Passord
    </label>
    <input
      class="bg-gray-50 border border-gray-300 text-gray-900 text-sm rounded-lg focus:ring-blue-500 focus:border-blue-500 block w-full p-2.5"
      id="password"
      required=""
      type="password"
    />
    <!-- error message -->
    
    
  </div>
  <div
    class="m-6"
    id="buttonsField"
  >
    <div
      class="align-items: flex-end; mb-6"
    >
      <div
        class="ml-3 text-sm"
      >
        <router-link
          class="text-blue-600 flex justify-end"
          to="/resetPassword"
        >
          Glemt passord
        </router-link>
      </div>
    </div>
    <button
      class="w-full text-white bg-blue-700 hover:bg-blue-800 focus:ring-4 focus:outline-none focus:ring-blue-300 font-medium rounded-lg text-sm px-5 py-2.5"
    >
       Logg inn 
    </button>
    <div
      class="align-items: flex-end; mb-6 mt-12"
    >
      <div
        class="text-sm"
      >
        <router-link
          class="text-blue-600 flex justify-center"
          to="register"
        >
          Ny bruker
        </router-link>
      </div>
    </div>
    <div
      class="flex justify-center"
    >
      <label />
    </div>
  </div>
</div>
`;
