// Jest Snapshot v1, https://goo.gl/fbAQLP

exports[`ResetPasswordForm component renders correctly 1`] = `
<div
  class="resetPassword"
>
  <div
    class="m-6"
    id="emailField"
  >
    <div
      class="mb-6"
    >
      <label
        class="block mb-2 text-sm font-medium text-gray-900 dark:text-gray-300"
        for="email"
      >
        E-post
      </label>
      <input
        class="bg-gray-50 border border-gray-300 text-gray-900 text-sm rounded-lg focus:ring-primary-medium focus:border-primary-medium block w-full p-2.5 dark:bg-gray-700 dark:border-gray-600 dark:placeholder-gray-400 dark:text-white dark:focus:ring-primary-medium dark:focus:border-primary-medium"
        id="email"
        placeholder="eksempel@eksempel.no"
        required=""
        type="email"
      />
      <!-- error message -->
      
      
    </div>
  </div>
  <button
    class="flex justify-center align-items: flex-end; text-white bg-primary-medium hover:bg-primary-dark focus:ring-4 focus:outline-none focus:ring-primary-light font-medium rounded-lg text-sm w-full sm:w-auto px-5 py-2.5 text-center dark:bg-primary-medium dark:hover:bg-primary-dark dark:focus:ring-primary-dark"
  >
     Send e-post 
  </button>
</div>
`;
