// Jest Snapshot v1, https://goo.gl/fbAQLP

exports[`CommunityHeader component renders correctly 1`] = `
<div
  adminstatus="true"
  community="[object Object]"
>
  
  <!-- Main modal -->
  <!--v-if-->
  
  <div
    class="flex place-content-center mx-4"
  >
    <div
      class="loadingio-spinner-bean-eater-o5tefvffeqm"
    >
      <div
        class="ldio-sweozsnwol"
      >
        <div>
          <div />
          <div />
          <div />
        </div>
        <div>
          <div />
          <div />
          <div />
        </div>
      </div>
    </div>
  </div>
</div>
`;
