// Jest Snapshot v1, https://goo.gl/fbAQLP

exports[`CommunityHeader component renders correctly 1`] = `
<div
  adminstatus="true"
  class="flex place-content-center mx-4"
  community="[object Object]"
>
  <div
    class="loadingio-spinner-bean-eater-o5tefvffeqm"
  >
    <div
      class="ldio-sweozsnwol"
    >
      <div>
        <div />
        <div />
        <div />
      </div>
      <div>
        <div />
        <div />
        <div />
      </div>
    </div>
  </div>
</div>
`;
