// Jest Snapshot v1, https://goo.gl/fbAQLP

exports[`CreateNewGroup elements rendering renders correctly 1`] = `
<div
  class="m-6"
>
  <!-- Component heading -->
  <div
    class="flex justify-center mt-6"
  >
    <p
      class="text-4xl"
    >
      Opprett Gruppe
    </p>
  </div>
  <!-- Radio boxes -->
  <div
    class="mt-6"
  >
    <label
      class="block mb-2 text-sm font-medium text-gray-900 dark:text-gray-300"
      id="radioBoxLabel"
    >
      Synlighet
    </label>
    <div
      class="form-check"
    >
      <input
        class="form-check-input appearance-none rounded-full h-4 w-4 border border-gray-300 bg-white checked:bg-blue-600 checked:border-blue-600 focus:outline-none transition duration-200 mt-1 align-top bg-no-repeat bg-center bg-contain float-left mr-2 cursor-pointer"
        id="flexRadioOpen"
        name="flexRadioDefault"
        type="radio"
        value="Åpen"
      />
      <label
        class="form-check-label inline-block text-gray-800"
        for="flexRadioOpen"
        id="radioBoxOpenLabel"
      >
         Åpen 
      </label>
    </div>
    <div
      class="form-check"
    >
      <input
        class="form-check-input appearance-none rounded-full h-4 w-4 border border-gray-300 bg-white checked:bg-blue-600 checked:border-blue-600 focus:outline-none transition duration-200 mt-1 align-top bg-no-repeat bg-center bg-contain float-left mr-2 cursor-pointer"
        id="flexRadioPrivate"
        name="flexRadioDefault"
        type="radio"
        value="Privat"
      />
      <label
        class="form-check-label inline-block text-gray-800"
        for="flexRadioPrivate"
        id="radioBoxPrivateLabel"
      >
         Privat 
      </label>
    </div>
  </div>
  <!-- Title -->
  <div
    class="mt-6"
  >
    <label
      class="block mb-2 text-sm font-medium text-gray-900 dark:text-gray-300"
      id="titleLabel"
    >
      Gruppenavn
    </label>
    <input
      class="bg-gray-200 border border-gray-300 text-gray-900 text-sm rounded-lg focus:ring-blue-500 focus:border-blue-500 block w-full p-2.5 dark:bg-gray-700 dark:border-gray-600 dark:placeholder-gray-400 dark:text-white dark:focus:ring-blue-500 dark:focus:border-blue-500"
      id="title"
      required=""
      type="text"
    />
    <!-- error message for title-->
    
    
  </div>
  <!-- Place -->
  <div
    class="mt-6"
  >
    <label
      class="block mb-2 text-sm font-medium text-gray-900 dark:text-gray-300"
    >
      By/Sted
    </label>
    <input
      class="bg-gray-200 border border-gray-300 text-gray-900 text-sm rounded-lg focus:ring-blue-500 focus:border-blue-500 block w-full p-2.5 dark:bg-gray-700 dark:border-gray-600 dark:placeholder-gray-400 dark:text-white dark:focus:ring-blue-500 dark:focus:border-blue-500"
      required=""
      type="text"
    />
    <!-- error message for place-->
    
    
  </div>
  <!-- Description -->
  <div
    class="mt-6"
  >
    <label
      class="block mb-2 text-sm font-medium text-gray-900 dark:text-gray-400"
      id="descriptionLabel"
    >
      Beskrivelse
    </label>
    <textarea
      class="block p-2.5 w-full text-sm text-gray-900 bg-gray-200 rounded-lg border border-gray-300 focus:ring-blue-500 focus:border-blue-500 dark:bg-gray-700 dark:border-gray-600 dark:placeholder-gray-400 dark:text-white dark:focus:ring-blue-500 dark:focus:border-blue-500"
      id="description"
      required=""
      rows="4"
    />
    <!-- error message for description -->
    
    
  </div>
  <!-- Images -->
  <div
    class="mt-6"
  >
    <label
      class="block mb-2 text-xl font-medium text-gray-900 dark:text-gray-400"
      id="imageLabel"
    >
       Bilde 
    </label>
    <input
      accept="image/png, image/jpeg"
      multiple=""
      style="display: none;"
      type="file"
    />
    <!-- Button for adding an image -->
    <div
      class="inline-flex rounded-md shadow-sm"
    >
      <div
        class="text-error uppercase text-center"
      >
         midlertidig fjernet 
      </div>
      <!-- &lt;button
          @click="$refs.file.click()"
          class="text-black bg-gray-200 hover:bg-grey-800 focus:ring-4 focus:outline-none focus:ring-grey-300 font-medium rounded-lg text-sm sm:w-auto px-5 py-2.5 text-center dark:bg-grey-600 dark:hover:bg-grey-700 dark:focus:ring-grey-800 disabled:opacity-50"
          :disabled="imageAdded"
        &gt;
          Velg bilde
        &lt;/button&gt; -->
      <!-- Button for removing an image -->
      <button
        class="w-1/12 ml-5 text-white bg-white-500 font-medium rounded-lg text-sm"
        style="display: none;"
      >
        <img
          alt="Remove icon image"
          src=""
        />
      </button>
    </div>
    <!-- Div box for showing all chosen images -->
    
    
  </div>
  <!-- Save item button -->
  <div
    class="flex justify-center mt-10"
  >
    <button
      class="content-center text-white bg-blue-700 hover:bg-blue-800 focus:ring-4 focus:outline-none focus:ring-blue-300 font-medium rounded-lg text-sm sm:w-auto px-5 py-2.5 text-center dark:bg-blue-600 dark:hover:bg-blue-700 dark:focus:ring-blue-800"
      id="saveButton"
    >
       Lagre 
    </button>
  </div>
</div>
`;
