// Jest Snapshot v1, https://goo.gl/fbAQLP

exports[`ItemCard component renders correctly 1`] = `
<div
  class="mt-5"
>
  <div
    class="w-4/5 rounded bg-gray-200 h-full overflow-hidden display:inline-block correct-size"
  >
    <img
      alt="Item image"
      class="w-full"
      src="String"
    />
    <div
      class="p-1 m-1"
    >
      <p
        class="text-gray-700 text-xs font-bold"
        id="adress"
      >
        String
      </p>
      <p
        class="font-bold text-sm"
        id="title"
      >
        String
      </p>
      <p
        class="text-gray-700 text-xs"
        id="price"
      >
        0 kr 
      </p>
    </div>
  </div>
</div>
`;
