// Jest Snapshot v1, https://goo.gl/fbAQLP

exports[`NewItemForm component renders correctly 1`] = `
<div
  class="m-6"
>
  <!-- Component heading -->
  <div
    class="flex justify-center"
  >
    <p
      class="text-4xl mb-6 mt-6"
    >
      Utleie
    </p>
  </div>
  <!-- Title -->
  <div
    class="mb-6"
  >
    <label
      class="block mb-2 text-sm font-medium text-gray-900 dark:text-gray-300"
      id="titleLabel"
    >
      Tittel
    </label>
    <input
      class="bg-gray-200 border border-gray-300 text-gray-900 text-sm rounded-lg focus:ring-blue-500 focus:border-blue-500 block w-full p-2.5 dark:bg-gray-700 dark:border-gray-600 dark:placeholder-gray-400 dark:text-white dark:focus:ring-blue-500 dark:focus:border-blue-500"
      id="title"
      required=""
      type="text"
    />
    <!-- error message for title-->
    
    
  </div>
  <!-- Select category -->
  <div
    class="mb-6"
  >
    <label
      class="block mb-2 text-sm font-medium text-gray-900 dark:text-gray-400"
      id="selectCategoryLabel"
    >
      Kategori
    </label>
    <select
      class="bg-gray-200 border border-gray-300 text-gray-900 text-sm rounded-lg focus:ring-blue-500 focus:border-blue-500 block w-full p-2.5 dark:bg-gray-700 dark:border-gray-600 dark:placeholder-gray-400 dark:text-white dark:focus:ring-blue-500 dark:focus:border-blue-500"
      id="categories"
    >
      <option
        class="text-gray-400"
        disabled=""
        value=""
      >
         Select a category 
      </option>
      
      <option
        class="text-gray-900 text-sm"
      >
        Hage
      </option>
      <option
        class="text-gray-900 text-sm"
      >
        Kjøkken
      </option>
      <option
        class="text-gray-900 text-sm"
      >
        Musikk
      </option>
      <option
        class="text-gray-900 text-sm"
      >
        Annet
      </option>
      
    </select>
    <!-- error message for select box -->
    
    
  </div>
  <!-- Select Group -->
  <div
    class="mb-6"
  >
    <label
      class="block mb-2 text-sm font-medium text-gray-900 dark:text-gray-400"
    >
      Gruppe
    </label>
    <select
      class="bg-gray-200 border border-gray-300 text-gray-900 text-sm rounded-lg focus:ring-blue-500 focus:border-blue-500 block w-full p-2.5 dark:bg-gray-700 dark:border-gray-600 dark:placeholder-gray-400 dark:text-white dark:focus:ring-blue-500 dark:focus:border-blue-500"
    >
      <option
        class="text-gray-400"
        disabled=""
        value=""
      >
         Select a Group 
      </option>
      
      <option
        class="text-gray-900 text-sm"
      >
        4040
      </option>
      <option
        class="text-gray-900 text-sm"
      >
        4041
      </option>
      
    </select>
    <!-- error message for select box -->
    
    
  </div>
  <!-- price -->
  <div
    class="mb-6"
  >
    <label
      class="block mb-2 text-sm font-medium text-gray-900 dark:text-gray-300"
      id="priceLabel"
    >
      Pris
    </label>
    <input
      class="bg-gray-200 border border-gray-300 text-gray-900 text-sm rounded-lg focus:ring-blue-500 focus:border-blue-500 block w-full p-2.5 dark:bg-gray-700 dark:border-gray-600 dark:placeholder-gray-400 dark:text-white dark:focus:ring-blue-500 dark:focus:border-blue-500"
      id="price"
      required=""
      type="number"
    />
    <!-- error message for price -->
    
    
  </div>
  <!-- Description -->
  <div
    class="mb-6"
  >
    <label
      class="block mb-2 text-sm font-medium text-gray-900 dark:text-gray-400"
      id="descriptionLabel"
    >
      Beskrivelse
    </label>
    <textarea
      class="block p-2.5 w-full text-sm text-gray-900 bg-gray-200 rounded-lg border border-gray-300 focus:ring-blue-500 focus:border-blue-500 dark:bg-gray-700 dark:border-gray-600 dark:placeholder-gray-400 dark:text-white dark:focus:ring-blue-500 dark:focus:border-blue-500"
      id="description"
      required=""
      rows="4"
    />
    <!-- error message for description -->
    
    
  </div>
  <!-- Address -->
  <div
    class="mb-6"
  >
    <label
      class="block mb-2 text-sm font-medium text-gray-900 dark:text-gray-300"
    >
      Adresse
    </label>
    <input
      class="bg-gray-200 border border-gray-300 text-gray-900 text-sm rounded-lg focus:ring-blue-500 focus:border-blue-500 block w-full p-2.5 dark:bg-gray-700 dark:border-gray-600 dark:placeholder-gray-400 dark:text-white dark:focus:ring-blue-500 dark:focus:border-blue-500"
      id="adress"
      required=""
      type="text"
    />
    <!-- error message for address-->
    
    
  </div>
  <!-- Images -->
  <div>
    <label
      class="block mb-2 text-sm font-medium text-gray-900 dark:text-gray-400"
      id="imageLabel"
    >
       Bilder 
    </label>
    <input
      accept="image/png, image/jpeg"
      multiple=""
      style="display: none;"
      type="file"
    />
    <button
      class="text-black bg-gray-200 hover:bg-grey-800 focus:ring-4 focus:outline-none focus:ring-grey-300 font-medium rounded-lg text-sm sm:w-auto px-5 py-2.5 text-center dark:bg-grey-600 dark:hover:bg-grey-700 dark:focus:ring-grey-800"
    >
       Velg bilde 
    </button>
    
    
  </div>
  <!-- Save item button -->
  <div
    class="flex justify-center"
  >
    <button
      class="content-center text-white bg-blue-700 hover:bg-blue-800 focus:ring-4 focus:outline-none focus:ring-blue-300 font-medium rounded-lg text-sm sm:w-auto px-5 py-2.5 text-center dark:bg-blue-600 dark:hover:bg-blue-700 dark:focus:ring-blue-800"
      id="saveButton"
    >
       Lagre 
    </button>
  </div>
</div>
`;
