// Jest Snapshot v1, https://goo.gl/fbAQLP

exports[`IconButtonComponent renders correctly 1`] = `
<div
  data-v-app=""
>
  
  <!-- Icon button -->
  <button
    class="block w-fit text-white text-base bg-blue-700 hover:bg-blue-800 focus:ring-4 focus:outline-none focus:ring-blue-300 font-medium rounded-lg text-center dark:bg-blue-600 dark:hover:bg-blue-700 dark:focus:ring-blue-800"
  >
    <div
      class="flex flex-row px-5 py-2.5 h-10"
    >
      <!-- Icon slot: Default content "Ban"-icon -->
      <div
        class="h-6 w-6"
      >
        
        <svg
          aria-hidden="true"
          fill="none"
          stroke="currentColor"
          stroke-width="2"
          viewBox="0 0 24 24"
          xmlns="http://www.w3.org/2000/svg"
        >
          <path
            d="M18.364 18.364A9 9 0 005.636 5.636m12.728 12.728A9 9 0 015.636 5.636m12.728 12.728L5.636 5.636"
            stroke-linecap="round"
            stroke-linejoin="round"
          />
        </svg>
        
      </div>
      <p>
        hei
      </p>
    </div>
  </button>
  
</div>
`;
